[preview.colorlib.com/theme/tourbi/contact.html]
[backblue.gif]
[fade.gif]
[index.html]
[preview.colorlib.com/theme/tourbi/img/xfavicon.png.pagespeed.ic.pBryiaU2YA.png]
[preview.colorlib.com/theme/tourbi/css/bootstrap.min.css+animate.css+owl.carousel.min.css+all.css+flaticon.css+themify-icons.css+nice-select.css+magnific-popup.css+slick.css.pagespeed.cc.9HR7dz1off.css]
[preview.colorlib.com/theme/tourbi/css/A.style.css.pagespeed.cf.xUcdfsgAjV.css]
[preview.colorlib.com/theme/tourbi/index.html]
[preview.colorlib.com/theme/tourbi/img/xlogo.png.pagespeed.ic.iG9Yxqp6oh.png]
[preview.colorlib.com/theme/tourbi/about.html]
[preview.colorlib.com/theme/tourbi/packages.html]
[preview.colorlib.com/theme/tourbi/blog.html]
[preview.colorlib.com/theme/tourbi/single-blog.html]
[preview.colorlib.com/theme/tourbi/elements.html]
[preview.colorlib.com/theme/tourbi/img/footer_img/xfooter_1.png.pagespeed.ic.uOnAzHaIbJ.jpg]
[preview.colorlib.com/theme/tourbi/img/footer_img/footer_2.png]
[preview.colorlib.com/theme/tourbi/img/footer_img/footer_3.png]
[preview.colorlib.com/theme/tourbi/img/footer_img/footer_4.png]
[preview.colorlib.com/theme/tourbi/img/footer_img/footer_5.png]
[preview.colorlib.com/theme/tourbi/img/footer_img/footer_6.png]
[preview.colorlib.com/theme/tourbi/img/footer_img/footer_7.png]
[preview.colorlib.com/theme/tourbi/img/footer_img/footer_8.png]
[preview.colorlib.com/cdn-cgi/scripts/5c5dd728/cloudflare-static/email-decode.min.js]
[preview.colorlib.com/theme/tourbi/img/overlay_2.png]
[preview.colorlib.com/theme/tourbi/js/jquery-1.12.1.min.js]
[preview.colorlib.com/theme/tourbi/js/popper.min.js+bootstrap.min.js.pagespeed.jc.6kHMijkW84.js]
[preview.colorlib.com/theme/tourbi/js/jquery.magnific-popup.js+owl.carousel.min.js+jquery.nice-select.min.js.pagespeed.jc.X1yFvLx3Oz.js]
[preview.colorlib.com/theme/tourbi/js/slick.min.js+jquery.counterup.min.js+waypoints.min.js+contact.js+jquery.ajaxchimp.min.js+jquery.form.js.pagespeed.jc.F2XQyomSju.js]
[preview.colorlib.com/theme/tourbi/js/jquery.validate.min.js+mail-script.js+custom.js.pagespeed.jc.7K1C7YC265.js]
[preview.colorlib.com/theme/tourbi/contact.html]
[static.cloudflareinsights.com/beacon.min.js]
[preview.colorlib.com/theme/tourbi/css/owl.video.play.png]
[preview.colorlib.com/theme/tourbi/webfonts/fa-brands-400.eot]
[preview.colorlib.com/theme/tourbi/webfonts/fa-brands-400d41d.eot]
[preview.colorlib.com/theme/tourbi/webfonts/fa-brands-400.woff2]
[preview.colorlib.com/theme/tourbi/webfonts/fa-brands-400.woff]
[preview.colorlib.com/theme/tourbi/webfonts/fa-brands-400.ttf]
[preview.colorlib.com/theme/tourbi/webfonts/fa-regular-400.eot]
[preview.colorlib.com/theme/tourbi/webfonts/fa-brands-400.svg]
[preview.colorlib.com/theme/tourbi/webfonts/fa-regular-400d41d.eot]
[preview.colorlib.com/theme/tourbi/webfonts/fa-regular-400.woff2]
[preview.colorlib.com/theme/tourbi/webfonts/fa-regular-400.woff]
[preview.colorlib.com/theme/tourbi/webfonts/fa-regular-400.ttf]
[preview.colorlib.com/theme/tourbi/webfonts/fa-regular-400.svg]
[preview.colorlib.com/theme/tourbi/webfonts/fa-solid-900.eot]
[preview.colorlib.com/theme/tourbi/webfonts/fa-solid-900d41d.eot]
[preview.colorlib.com/theme/tourbi/webfonts/fa-solid-900.woff2]
[preview.colorlib.com/theme/tourbi/webfonts/fa-solid-900.woff]
[preview.colorlib.com/theme/tourbi/webfonts/fa-solid-900.ttf]
[preview.colorlib.com/theme/tourbi/fonts/Flaticon.eot]
[preview.colorlib.com/theme/tourbi/webfonts/fa-solid-900.svg]
[preview.colorlib.com/theme/tourbi/fonts/Flaticond41d.eot]
[preview.colorlib.com/theme/tourbi/fonts/Flaticon.woff2]
[preview.colorlib.com/theme/tourbi/fonts/Flaticon.woff]
[preview.colorlib.com/theme/tourbi/fonts/Flaticon.ttf]
[preview.colorlib.com/theme/tourbi/fonts/Flaticon.svg]
[preview.colorlib.com/theme/tourbi/css/Flaticon.svg]
[preview.colorlib.com/theme/tourbi/fonts/themify9f24.eot]
[preview.colorlib.com/theme/tourbi/fonts/themifyd41d.eot]
[preview.colorlib.com/theme/tourbi/fonts/themify9f24.woff]
[preview.colorlib.com/theme/tourbi/fonts/themify9f24.ttf]
[preview.colorlib.com/theme/tourbi/css/bootstrap.min.css+animate.css+owl.carousel.min.css+all.css+flaticon.css+themify-icons.css+nice-select.css+magnific-popup.css+slick.css.pagespeed.cc.9HR7dz1off.css]
[preview.colorlib.com/theme/tourbi/css/A.style.css.pagespeed.cf.xUcdfsgAjV.css]
[preview.colorlib.com/theme/tourbi/fonts/themify9f24.svg]
[preview.colorlib.com/theme/tourbi/img/icon/money_bag.svg]
[preview.colorlib.com/theme/tourbi/css/A.bootstrap.min.css+animate.css+owl.carousel.min.css+all.css+flaticon.css+themify-icons.css+nice-select.css+magnific-popup.css+slick.css,Mcc.9HR7dz1off.css.pagespeed.cf.PvdlRQ]
[preview.colorlib.com/theme/tourbi/img/animate_icon/Shape-1.png]
[preview.colorlib.com/theme/tourbi/img/animate_icon/Shape-2.png]
[preview.colorlib.com/theme/tourbi/img/about_img.png]
[preview.colorlib.com/theme/tourbi/img/section_tittle_img.png]
[preview.colorlib.com/theme/tourbi/img/icon/tour_icon_1.png]
[preview.colorlib.com/theme/tourbi/img/icon/tour_icon_2.png]
[preview.colorlib.com/theme/tourbi/img/icon/tour_icon_3.png]
[preview.colorlib.com/theme/tourbi/img/animate_icon/Shape-3.png]
[preview.colorlib.com/theme/tourbi/img/icon/place_icon_1.png]
[preview.colorlib.com/theme/tourbi/img/icon/place_icon_2.png]
[preview.colorlib.com/theme/tourbi/img/icon/place_icon_3.png]
[preview.colorlib.com/theme/tourbi/img/plase_details_1.png]
[preview.colorlib.com/theme/tourbi/img/plase_details_2.png]
[preview.colorlib.com/theme/tourbi/img/tour_plan_1.png]
[preview.colorlib.com/theme/tourbi/img/tour_plan_2.png]
[preview.colorlib.com/theme/tourbi/img/blog/blog_1.png]
[preview.colorlib.com/theme/tourbi/img/blog/blog_2.png]
[preview.colorlib.com/theme/tourbi/img/blog/blog_3.png]
[preview.colorlib.com/theme/tourbi/img/overlay_1.png]
[preview.colorlib.com/theme/tourbi/img/footer_img/xfooter_2.png.pagespeed.ic.v4QL6aaWRm.jpg]
[preview.colorlib.com/theme/tourbi/img/footer_img/xfooter_3.png.pagespeed.ic.vzyEKX8BY1.jpg]
[preview.colorlib.com/theme/tourbi/img/footer_img/xfooter_4.png.pagespeed.ic.azyPJVWM3i.jpg]
[preview.colorlib.com/theme/tourbi/img/footer_img/xfooter_5.png.pagespeed.ic.kSzWOYREZi.jpg]
[preview.colorlib.com/theme/tourbi/img/footer_img/xfooter_6.png.pagespeed.ic.rAoY9SCsA_.jpg]
[preview.colorlib.com/theme/tourbi/img/footer_img/xfooter_7.png.pagespeed.ic.gGRNf-DeXD.jpg]
[preview.colorlib.com/theme/tourbi/img/footer_img/xfooter_8.png.pagespeed.ic.5NrvbA8YyG.jpg]
[preview.colorlib.com/theme/tourbi/img/xoverlay_2.png.pagespeed.ic.5ckTDMjmEJ.png]
[preview.colorlib.com/theme/tourbi/index.html]
[preview.colorlib.com/theme/tourbi/img/xabout_img.png.pagespeed.ic.RPJ1oJsSgb.png]
[preview.colorlib.com/theme/tourbi/img/xsection_tittle_img.png.pagespeed.ic.XmyrtKw3g0.png]
[preview.colorlib.com/theme/tourbi/img/icon/xtour_icon_1.png.pagespeed.ic.EDPQP4XWXF.png]
[preview.colorlib.com/theme/tourbi/img/icon/xtour_icon_2.png.pagespeed.ic.VrAU3qEu_U.png]
[preview.colorlib.com/theme/tourbi/img/icon/xtour_icon_3.png.pagespeed.ic.jyy1eGNaoZ.png]
[preview.colorlib.com/theme/tourbi/img/icon/xplace_icon_1.png.pagespeed.ic.A5XtJrOxDc.png]
[preview.colorlib.com/theme/tourbi/about.html]
[preview.colorlib.com/theme/tourbi/packages.html]
[preview.colorlib.com/theme/tourbi/img/blog/single_blog_1.png]
[preview.colorlib.com/theme/tourbi/img/blog/single_blog_2.png]
[preview.colorlib.com/theme/tourbi/img/blog/single_blog_3.png]
[preview.colorlib.com/theme/tourbi/img/blog/single_blog_4.png]
[preview.colorlib.com/theme/tourbi/img/blog/single_blog_5.png]
[preview.colorlib.com/theme/tourbi/img/post/post_1.png]
[preview.colorlib.com/theme/tourbi/img/post/post_2.png]
[preview.colorlib.com/theme/tourbi/img/post/post_3.png]
[preview.colorlib.com/theme/tourbi/img/post/post_4.png]
[preview.colorlib.com/theme/tourbi/img/post/post_5.png]
[preview.colorlib.com/theme/tourbi/img/post/post_6.png]
[preview.colorlib.com/theme/tourbi/img/post/post_7.png]
[preview.colorlib.com/theme/tourbi/img/post/post_8.png]
[preview.colorlib.com/theme/tourbi/img/post/post_9.png]
[preview.colorlib.com/theme/tourbi/img/post/post_10.png]
[preview.colorlib.com/theme/tourbi/blog.html]
[preview.colorlib.com/theme/tourbi/img/blog/xsingle_blog_1.png.pagespeed.ic.Fwk-gqJS2v.jpg]
[preview.colorlib.com/theme/tourbi/img/post/preview.png]
[preview.colorlib.com/theme/tourbi/img/post/next.png]
[preview.colorlib.com/theme/tourbi/img/blog/author.png]
[preview.colorlib.com/theme/tourbi/img/comment/comment_1.png]
[preview.colorlib.com/theme/tourbi/img/comment/comment_2.png]
[preview.colorlib.com/theme/tourbi/img/comment/comment_3.png]
[preview.colorlib.com/theme/tourbi/img/post/xpost_1.png.pagespeed.ic.VhSDC65MTC.jpg]
[preview.colorlib.com/theme/tourbi/img/post/xpost_2.png.pagespeed.ic.5NDzxSnIUw.jpg]
[preview.colorlib.com/theme/tourbi/img/post/xpost_3.png.pagespeed.ic.epUGhxWTdA.jpg]
[preview.colorlib.com/theme/tourbi/img/post/xpost_4.png.pagespeed.ic.hgkXn01NWF.jpg]
[preview.colorlib.com/theme/tourbi/img/post/xpost_5.png.pagespeed.ic.KAz1jHPYIp.jpg]
[preview.colorlib.com/theme/tourbi/img/post/xpost_6.png.pagespeed.ic.e0_C88I_TX.jpg]
[preview.colorlib.com/theme/tourbi/img/post/xpost_7.png.pagespeed.ic.w7kS-QUYhS.jpg]
[preview.colorlib.com/theme/tourbi/img/post/xpost_8.png.pagespeed.ic.dRhy-1GRb7.jpg]
[preview.colorlib.com/theme/tourbi/single-blog.html]
[preview.colorlib.com/theme/tourbi/img/elements/d.jpg]
[preview.colorlib.com/theme/tourbi/img/elements/f1.jpg]
[preview.colorlib.com/theme/tourbi/img/elements/f2.jpg]
[preview.colorlib.com/theme/tourbi/img/elements/f3.jpg]
[preview.colorlib.com/theme/tourbi/img/elements/f4.jpg]
[preview.colorlib.com/theme/tourbi/img/elements/f5.jpg]
[preview.colorlib.com/theme/tourbi/img/elements/f6.jpg]
[preview.colorlib.com/theme/tourbi/img/elements/f7.jpg]
[preview.colorlib.com/theme/tourbi/img/elements/f8.jpg]
[preview.colorlib.com/theme/tourbi/img/elements/g1.jpg]
[preview.colorlib.com/theme/tourbi/img/elements/g2.jpg]
[preview.colorlib.com/theme/tourbi/img/elements/g3.jpg]
[preview.colorlib.com/theme/tourbi/img/elements/g4.jpg]
[preview.colorlib.com/theme/tourbi/img/elements/g5.jpg]
[preview.colorlib.com/theme/tourbi/img/elements/g6.jpg]
[preview.colorlib.com/theme/tourbi/img/elements/g7.jpg]
[preview.colorlib.com/theme/tourbi/img/elements/g8.jpg]
[preview.colorlib.com/theme/tourbi/elements.html]
[preview.colorlib.com/theme/tourbi/css/owl.video.play.html]
[preview.colorlib.com/theme/tourbi/webfonts/fa-brands-400.svg]
[preview.colorlib.com/theme/tourbi/webfonts/fa-regular-400.svg]
[preview.colorlib.com/theme/tourbi/webfonts/fa-solid-900.svg]
[preview.colorlib.com/theme/tourbi/fonts/Flaticon.html]
[preview.colorlib.com/theme/tourbi/css/Flaticon.html]
[preview.colorlib.com/theme/tourbi/fonts/themify9f24.svg]
[preview.colorlib.com/theme/tourbi/css/A.bootstrap.min.css+animate.css+owl.carousel.min.css+all.css+flaticon.css+themify-icons.css+nice-select.css+magnific-popup.css+slick.css,Mcc.9HR7dz1off.css.pagespeed.cf.PvdlRQ]
[preview.colorlib.com/theme/tourbi/img/icon/money_bag.svg]
[preview.colorlib.com/theme/tourbi/img/animate_icon/Shape-1.html]
[preview.colorlib.com/theme/tourbi/img/animate_icon/Shape-2.html]
[preview.colorlib.com/theme/tourbi/img/animate_icon/Shape-3.html]
